// Jest Snapshot v1, https://goo.gl/fbAQLP

exports[`should render ExpenseList with empty message 1`] = `
<div>
  <h1>
    Expense List
  </h1>
  <p>
    No expenses
  </p>
</div>
`;

exports[`should render ExpenseList with expenses 1`] = `
<div>
  <h1>
    Expense List
  </h1>
  <ol>
    <li
      key="0"
    >
      <ExpenseListItem
        amount={195}
        createdAt={0}
        description="Gum"
        id="1"
        notes=""
      />
    </li>
    <li
      key="1"
    >
      <ExpenseListItem
        amount={109500}
        createdAt={-345600000}
        description="Rent"
        id="2"
        notes=""
      />
    </li>
    <li
      key="2"
    >
      <ExpenseListItem
        amount={4500}
        createdAt={345600000}
        description="Credit Card"
        id="3"
        notes=""
      />
    </li>
  </ol>
</div>
`;
