// Jest Snapshot v1, https://goo.gl/fbAQLP

exports[`should render NotFound correctly 1`] = `
<div>
  404! - 
  <[object Object]
    to="/"
  >
    Home page
  </[object Object]>
</div>
`;
